// Jest Snapshot v1, https://goo.gl/fbAQLP

exports[`renders the UI as expected 1`] = `
Array [
  <div
    className="About"
  >
    <p>
      Struggling to figure out what that picture you just downloaded is? Not hip enough to understand the latest memes?
    </p>
    <div>
      <img
        alt="Granny"
        id="Granny"
        src="granny.jpeg"
      />
    </div>
    <p>
      If this is you, Harold is here to help! Harold doesn't have the best vision, but he'll do his best to help you out!
    </p>
    <p
      id="smaller"
    >
      (Or maybe he'll just confuse you even more...
      <br />
      If that's the case, sorry.)
    </p>
  </div>,
  <div
    id="contact"
  >
    <p>
      Contact me at:
      <br />
      <a
        href="mailto:dahc.reverse@gmail.com?subject=YOU%20ROCK!"
      >
        dahc.reverse@gmail.com
      </a>
    </p>
  </div>,
]
`;
